# compiler: R8
# compiler_version: 1.5.69
# pg_map_id: 2a1ee64
comm.comquas.acckitlib.BuildConfig -> comm.comquas.acckitlib.BuildConfig:
    1:1:void <init>():6:6 -> <init>
comm.comquas.acckitlib.CountryAdapter -> comm.comquas.acckitlib.CountryAdapter:
    comm.comquas.acckitlib.uty.rec.MyRecyclerViewRowClickListener rowClickListener -> f
    comm.comquas.acckitlib.uty.rec.MyAdapterOnLoadMoreListener loadMoreListener -> b
    java.util.List list -> e
    boolean isLoading -> c
    int typeData -> a
    boolean isMoreDataAvailable -> d
    1:12:void <init>(java.util.List,comm.comquas.acckitlib.uty.rec.MyRecyclerViewRowClickListener):19:30 -> <init>
    1:1:int getItemCount():77:77 -> getItemCount
    1:1:int getItemViewType(int):68:68 -> getItemViewType
    1:1:boolean isMoreDataAvailable():132:132 -> isMoreDataAvailable
    1:2:void notifyDataChanged():114:115 -> notifyDataChanged
    1:9:void onBindViewHolder(androidx.recyclerview.widget.RecyclerView$ViewHolder,int):56:64 -> onBindViewHolder
    1:5:androidx.recyclerview.widget.RecyclerView$ViewHolder onCreateViewHolder(android.view.ViewGroup,int):40:44 -> onCreateViewHolder
    6:11:androidx.recyclerview.widget.RecyclerView$ViewHolder onCreateViewHolder(android.view.ViewGroup,int):42:47 -> onCreateViewHolder
    1:1:void selectedItem():124:124 -> selectedItem
    1:1:void setLoadMoreListener(comm.comquas.acckitlib.uty.rec.MyAdapterOnLoadMoreListener):120:120 -> setLoadMoreListener
    1:1:void setMoreDataAvailable(boolean):107:107 -> setMoreDataAvailable
comm.comquas.acckitlib.CountryAdapter$LoadHolder -> comm.comquas.acckitlib.CountryAdapter$LoadHolder:
    1:1:void <init>(android.view.View):104:104 -> <init>
comm.comquas.acckitlib.CountryAdapter$MyViewHolder -> comm.comquas.acckitlib.CountryAdapter$MyViewHolder:
    android.widget.TextView tv1 -> a
    android.widget.ImageView ivBanner -> b
    1:7:void <init>(android.view.View,comm.comquas.acckitlib.uty.rec.MyRecyclerViewRowClickListener):83:89 -> <init>
    8:8:void <init>(android.view.View,comm.comquas.acckitlib.uty.rec.MyRecyclerViewRowClickListener):86:86 -> <init>
    9:9:void <init>(android.view.View,comm.comquas.acckitlib.uty.rec.MyRecyclerViewRowClickListener):85:85 -> <init>
    1:4:void bindData(comm.comquas.acckitlib.model.CountryListModel$Data,int):96:99 -> bindData
comm.comquas.acckitlib.CountryAdapter$MyViewHolder$1 -> comm.comquas.acckitlib.CountryAdapter$MyViewHolder$a:
    comm.comquas.acckitlib.CountryAdapter$MyViewHolder this$0 -> a
    comm.comquas.acckitlib.uty.rec.MyRecyclerViewRowClickListener $rowClickListener -> b
    1:1:java.lang.Object invoke(java.lang.Object):82:82 -> invoke
    2:93:void invoke(android.view.View):0:91 -> invoke
    2:93:java.lang.Object invoke(java.lang.Object):82 -> invoke
    94:94:java.lang.Object invoke(java.lang.Object):82:82 -> invoke
comm.comquas.acckitlib.model.AccKitReturnDataModel -> comm.comquas.acckitlib.model.AccKitReturnDataModel:
    java.lang.String token -> g
    java.lang.String hash -> f
    java.lang.Integer expireTime -> e
    comm.comquas.acckitlib.model.AccKitReturnDataModel$PhoneNo phoneNo -> d
    comm.comquas.acckitlib.model.AccKitReturnDataModel$Application application -> a
    java.lang.Boolean error -> c
    java.lang.Integer createdAt -> b
    1:1:void <init>(comm.comquas.acckitlib.model.AccKitReturnDataModel$Application,java.lang.Integer,java.lang.Boolean,comm.comquas.acckitlib.model.AccKitReturnDataModel$PhoneNo,java.lang.Integer,java.lang.String,java.lang.String):6:6 -> <init>
    2:14:void <init>(comm.comquas.acckitlib.model.AccKitReturnDataModel$Application,java.lang.Integer,java.lang.Boolean,comm.comquas.acckitlib.model.AccKitReturnDataModel$PhoneNo,java.lang.Integer,java.lang.String,java.lang.String,int,kotlin.jvm.internal.DefaultConstructorMarker):8:20 -> <init>
    1:1:comm.comquas.acckitlib.model.AccKitReturnDataModel$Application getApplication():8:8 -> getApplication
    1:1:java.lang.Integer getCreatedAt():10:10 -> getCreatedAt
    1:1:java.lang.Boolean getError():12:12 -> getError
    1:1:java.lang.Integer getExpireTime():16:16 -> getExpireTime
    1:1:java.lang.String getHash():18:18 -> getHash
    1:1:comm.comquas.acckitlib.model.AccKitReturnDataModel$PhoneNo getPhoneNo():14:14 -> getPhoneNo
    1:1:java.lang.String getToken():20:20 -> getToken
comm.comquas.acckitlib.model.AccKitReturnDataModel$Application -> comm.comquas.acckitlib.model.AccKitReturnDataModel$Application:
    java.lang.String id -> a
    1:1:void <init>(java.lang.String):22:22 -> <init>
    2:2:void <init>(java.lang.String,int,kotlin.jvm.internal.DefaultConstructorMarker):24:24 -> <init>
    1:1:java.lang.String getId():24:24 -> getId
comm.comquas.acckitlib.model.AccKitReturnDataModel$PhoneNo -> comm.comquas.acckitlib.model.AccKitReturnDataModel$PhoneNo:
    java.lang.String countryPrefix -> a
    java.lang.String number -> c
    java.lang.String nationalNumber -> b
    1:1:void <init>(java.lang.String,java.lang.String,java.lang.String):27:27 -> <init>
    2:2:void <init>(java.lang.String,java.lang.String,java.lang.String,int,kotlin.jvm.internal.DefaultConstructorMarker):33:33 -> <init>
    1:1:java.lang.String getCountryPrefix():29:29 -> getCountryPrefix
    1:1:java.lang.String getNationalNumber():31:31 -> getNationalNumber
    1:1:java.lang.String getNumber():33:33 -> getNumber
comm.comquas.acckitlib.model.CheckOTPReqModel -> comm.comquas.acckitlib.model.CheckOTPReqModel:
    java.lang.Integer type -> d
    java.lang.String accountId -> a
    java.lang.String otpCode -> c
    java.lang.String hash -> b
    1:1:void <init>(java.lang.String,java.lang.String,java.lang.String,java.lang.Integer):5:5 -> <init>
    2:2:void <init>(java.lang.String,java.lang.String,java.lang.String,java.lang.Integer,int,kotlin.jvm.internal.DefaultConstructorMarker):13:13 -> <init>
    1:1:java.lang.String getAccountId():7:7 -> getAccountId
    1:1:java.lang.String getHash():9:9 -> getHash
    1:1:java.lang.String getOtpCode():11:11 -> getOtpCode
    1:1:java.lang.Integer getType():13:13 -> getType
    1:1:void setAccountId(java.lang.String):7:7 -> setAccountId
    1:1:void setHash(java.lang.String):9:9 -> setHash
    1:1:void setOtpCode(java.lang.String):11:11 -> setOtpCode
    1:1:void setType(java.lang.Integer):13:13 -> setType
comm.comquas.acckitlib.model.CountryListModel -> comm.comquas.acckitlib.model.CountryListModel:
    java.util.List data -> a
    1:1:void <init>(java.util.List):5:5 -> <init>
    2:2:void <init>(java.util.List,int,kotlin.jvm.internal.DefaultConstructorMarker):7:7 -> <init>
    1:1:java.util.List getData():7:7 -> getData
comm.comquas.acckitlib.model.CountryListModel$Data -> comm.comquas.acckitlib.model.CountryListModel$Data:
    java.lang.String code -> a
    java.lang.String photo -> c
    java.lang.String country -> b
    1:1:void <init>(java.lang.String,java.lang.String,java.lang.String):9:9 -> <init>
    2:2:void <init>(java.lang.String,java.lang.String,java.lang.String,int,kotlin.jvm.internal.DefaultConstructorMarker):15:15 -> <init>
    1:1:java.lang.String getCode():11:11 -> getCode
    1:1:java.lang.String getCountry():13:13 -> getCountry
    1:1:java.lang.String getPhoto():15:15 -> getPhoto
    1:1:void setPhoto(java.lang.String):15:15 -> setPhoto
comm.comquas.acckitlib.model.OTPModel -> comm.comquas.acckitlib.model.OTPModel:
    java.lang.Integer resendTimeInterval -> c
    java.lang.Integer accountId -> a
    java.lang.Integer otpCode -> b
    1:1:void <init>(java.lang.Integer,java.lang.Integer,java.lang.Integer):5:5 -> <init>
    2:6:void <init>(java.lang.Integer,java.lang.Integer,java.lang.Integer,int,kotlin.jvm.internal.DefaultConstructorMarker):7:11 -> <init>
    1:1:java.lang.Integer getAccountId():7:7 -> getAccountId
    1:1:java.lang.Integer getOtpCode():9:9 -> getOtpCode
    1:1:java.lang.Integer getResendTimeInterval():11:11 -> getResendTimeInterval
comm.comquas.acckitlib.model.OTPReqModel -> comm.comquas.acckitlib.model.OTPReqModel:
    java.lang.String appId -> a
    java.lang.String hash -> c
    java.lang.String countryPrefix -> b
    java.lang.String phoneNo -> d
    1:1:void <init>(java.lang.String,java.lang.String,java.lang.String,java.lang.String):6:6 -> <init>
    2:2:void <init>(java.lang.String,java.lang.String,java.lang.String,java.lang.String,int,kotlin.jvm.internal.DefaultConstructorMarker):14:14 -> <init>
    1:1:java.lang.String getAppId():8:8 -> getAppId
    1:1:java.lang.String getCountryPrefix():10:10 -> getCountryPrefix
    1:1:java.lang.String getHash():12:12 -> getHash
    1:1:java.lang.String getPhoneNo():14:14 -> getPhoneNo
    1:1:void setAppId(java.lang.String):8:8 -> setAppId
    1:1:void setCountryPrefix(java.lang.String):10:10 -> setCountryPrefix
    1:1:void setHash(java.lang.String):12:12 -> setHash
    1:1:void setPhoneNo(java.lang.String):14:14 -> setPhoneNo
comm.comquas.acckitlib.model.VerifyModel -> comm.comquas.acckitlib.model.VerifyModel:
    java.lang.String message -> a
    java.lang.Boolean error -> c
    java.lang.Boolean success -> b
    1:1:void <init>(java.lang.String,java.lang.Boolean,java.lang.Boolean):5:5 -> <init>
    2:4:void <init>(java.lang.String,java.lang.Boolean,java.lang.Boolean,int,kotlin.jvm.internal.DefaultConstructorMarker):9:11 -> <init>
    1:1:java.lang.Boolean getError():11:11 -> getError
    1:1:java.lang.String getMessage():7:7 -> getMessage
    1:1:java.lang.Boolean getSuccess():9:9 -> getSuccess
comm.comquas.acckitlib.model.VerifyReqModel -> comm.comquas.acckitlib.model.VerifyReqModel:
    java.lang.String appId -> a
    java.lang.String keyHash -> c
    java.lang.String packageName -> b
    java.lang.String hash -> d
    1:1:void <init>(java.lang.String,java.lang.String,java.lang.String,java.lang.String):5:5 -> <init>
    2:2:void <init>(java.lang.String,java.lang.String,java.lang.String,java.lang.String,int,kotlin.jvm.internal.DefaultConstructorMarker):13:13 -> <init>
    1:1:java.lang.String getAppId():7:7 -> getAppId
    1:1:java.lang.String getHash():13:13 -> getHash
    1:1:java.lang.String getKeyHash():11:11 -> getKeyHash
    1:1:java.lang.String getPackageName():9:9 -> getPackageName
    1:1:void setAppId(java.lang.String):7:7 -> setAppId
    1:1:void setHash(java.lang.String):13:13 -> setHash
    1:1:void setKeyHash(java.lang.String):11:11 -> setKeyHash
    1:1:void setPackageName(java.lang.String):9:9 -> setPackageName
comm.comquas.acckitlib.net.ProvideRetrofit -> comm.comquas.acckitlib.net.ProvideRetrofit:
    1:1:void <init>():14:14 -> <init>
comm.comquas.acckitlib.net.ProvideRetrofit$Companion -> comm.comquas.acckitlib.net.ProvideRetrofit$Companion:
    1:1:void <init>():15:15 -> <init>
    2:2:void <init>():15:15 -> <init>
    2:2:void <init>(kotlin.jvm.internal.DefaultConstructorMarker):15 -> <init>
    1:71:comm.comquas.acckitlib.net.ApiService create(android.content.Context,boolean):20:90 -> create
    1:1:comm.comquas.acckitlib.net.ApiService create$default(comm.comquas.acckitlib.net.ProvideRetrofit$Companion,android.content.Context,boolean,int,java.lang.Object):16:16 -> create$default
comm.comquas.acckitlib.net.ProvideRetrofit$Companion$create$1 -> comm.comquas.acckitlib.net.ProvideRetrofit$Companion$a:
    long $defaultTimeOut -> b
    java.lang.String $baseUrl -> a
    1:1:java.lang.Object invoke():15:15 -> invoke
    2:9:retrofit2.Retrofit invoke():21:28 -> invoke
    10:10:retrofit2.Retrofit invoke():24:24 -> invoke
    11:25:retrofit2.Retrofit invoke():23:37 -> invoke
    26:32:retrofit2.Retrofit invoke():32:38 -> invoke
comm.comquas.acckitlib.net.ProvideRetrofit$Companion$create$2 -> comm.comquas.acckitlib.net.ProvideRetrofit$Companion$b:
    long $defaultTimeOut -> c
    boolean $removeLog -> a
    java.lang.String $baseUrl -> b
    android.content.Context $context -> d
    1:8:retrofit2.Retrofit invoke():42:49 -> invoke
    1:8:java.lang.Object invoke():15 -> invoke
    9:9:retrofit2.Retrofit invoke():45:45 -> invoke
    9:9:java.lang.Object invoke():15 -> invoke
    10:25:retrofit2.Retrofit invoke():44:59 -> invoke
    10:25:java.lang.Object invoke():15 -> invoke
    26:40:retrofit2.Retrofit invoke():54:68 -> invoke
    26:40:java.lang.Object invoke():15 -> invoke
    41:41:retrofit2.Retrofit invoke():64:64 -> invoke
    41:41:java.lang.Object invoke():15 -> invoke
    42:62:retrofit2.Retrofit invoke():63:83 -> invoke
    42:62:java.lang.Object invoke():15 -> invoke
    63:69:retrofit2.Retrofit invoke():78:84 -> invoke
    63:69:java.lang.Object invoke():15 -> invoke
comm.comquas.acckitlib.ui.AccKitActivity -> comm.comquas.acckitlib.ui.AccKitActivity:
    kotlin.reflect.KProperty[] $$delegatedProperties -> m
    java.lang.Integer otpType -> d
    kotlin.Lazy myApiService$delegate -> h
    java.util.HashMap _$_findViewCache -> l
    io.reactivex.disposables.CompositeDisposable compositeDisposable -> g
    androidx.appcompat.app.AppCompatDialog loadingDialog -> i
    comm.comquas.acckitlib.CountryAdapter countryAdapter -> j
    boolean goToConfirm -> f
    java.lang.String appId -> a
    java.lang.String keyHash -> c
    java.lang.String appSec -> b
    java.lang.String accId -> e
    java.util.List countryList -> k
    1:10:void <init>():35:44 -> <init>
    1:4:void goBackWithOK(comm.comquas.acckitlib.model.AccKitReturnDataModel):108:111 -> a
    5:5:void showCountryListDialog$default(comm.comquas.acckitlib.ui.AccKitActivity,java.lang.String,int,java.lang.Object):249:249 -> a
    6:12:void callOTP(java.lang.String):279:285 -> a
    13:48:void callOTP(java.lang.String):283:318 -> a
    49:49:void callOTP(java.lang.String):301:301 -> a
    50:50:void callOTP(java.lang.String):289:289 -> a
    51:51:void callOTP(java.lang.String):284:284 -> a
    52:52:void callOTP(java.lang.String):281:281 -> a
    53:59:void callCheckOTP():340:346 -> a
    60:80:void callCheckOTP():344:364 -> a
    81:81:void callCheckOTP():362:362 -> a
    82:82:void callCheckOTP():350:350 -> a
    83:83:void callCheckOTP():345:345 -> a
    84:84:void callCheckOTP():341:341 -> a
    1:1:void access$callCheckOTP(comm.comquas.acckitlib.ui.AccKitActivity):35:35 -> access$callCheckOTP
    1:24:void callCountryList():206:229 -> access$callCountryList
    1:24:void access$callCountryList(comm.comquas.acckitlib.ui.AccKitActivity):35 -> access$callCountryList
    25:25:void callCountryList():218:218 -> access$callCountryList
    25:25:void access$callCountryList(comm.comquas.acckitlib.ui.AccKitActivity):35 -> access$callCountryList
    26:26:void callCountryList():206:206 -> access$callCountryList
    26:26:void access$callCountryList(comm.comquas.acckitlib.ui.AccKitActivity):35 -> access$callCountryList
    1:1:void access$callOTP(comm.comquas.acckitlib.ui.AccKitActivity,java.lang.String):35:35 -> access$callOTP
    1:1:java.lang.String access$getAccId$p(comm.comquas.acckitlib.ui.AccKitActivity):35:35 -> access$getAccId$p
    1:1:java.util.List access$getCountryList$p(comm.comquas.acckitlib.ui.AccKitActivity):35:35 -> access$getCountryList$p
    1:1:boolean access$getGoToConfirm$p(comm.comquas.acckitlib.ui.AccKitActivity):35:35 -> access$getGoToConfirm$p
    1:1:androidx.appcompat.app.AppCompatDialog access$getLoadingDialog$p(comm.comquas.acckitlib.ui.AccKitActivity):35:35 -> access$getLoadingDialog$p
    1:1:void access$goBackWithOK(comm.comquas.acckitlib.ui.AccKitActivity,comm.comquas.acckitlib.model.AccKitReturnDataModel):35:35 -> access$goBackWithOK
    1:1:void access$setAccId$p(comm.comquas.acckitlib.ui.AccKitActivity,java.lang.String):35:35 -> access$setAccId$p
    1:1:void access$setCountryList$p(comm.comquas.acckitlib.ui.AccKitActivity,java.util.List):35:35 -> access$setCountryList$p
    1:1:void access$setGoToConfirm$p(comm.comquas.acckitlib.ui.AccKitActivity,boolean):35:35 -> access$setGoToConfirm$p
    1:1:void access$setLoadingDialog$p(comm.comquas.acckitlib.ui.AccKitActivity,androidx.appcompat.app.AppCompatDialog):35:35 -> access$setLoadingDialog$p
    1:7:void callVerify():133:139 -> b
    8:33:void callVerify():137:162 -> b
    34:34:void callVerify():155:155 -> b
    35:35:void callVerify():143:143 -> b
    36:36:void callVerify():138:138 -> b
    comm.comquas.acckitlib.net.ApiService getMyApiService() -> c
    1:7:void showCountryListDialog(java.lang.String):251:257 -> d
    8:27:void showCountryListDialog(java.lang.String):256:275 -> d
    1:6:void onBackPressed():386:391 -> onBackPressed
    1:19:void onCreate(android.os.Bundle):64:82 -> onCreate
    20:20:void addTextChangedListener(android.widget.EditText,kotlin.jvm.functions.Function1):122:122 -> onCreate
    20:20:void onCreate(android.os.Bundle):82 -> onCreate
    21:35:void onCreate(android.os.Bundle):85:99 -> onCreate
    36:36:void addTextChangedListener(android.widget.EditText,kotlin.jvm.functions.Function1):122:122 -> onCreate
    36:36:void onCreate(android.os.Bundle):99 -> onCreate
    37:37:void onCreate(android.os.Bundle):102:102 -> onCreate
    1:2:void onDestroy():395:396 -> onDestroy
comm.comquas.acckitlib.ui.AccKitActivity$Companion -> comm.comquas.acckitlib.ui.AccKitActivity$Companion:
    1:1:void <init>():53:53 -> <init>
    2:2:void <init>():53:53 -> <init>
    2:2:void <init>(kotlin.jvm.internal.DefaultConstructorMarker):53 -> <init>
comm.comquas.acckitlib.ui.AccKitActivity$addTextChangedListener$1 -> comm.comquas.acckitlib.ui.AccKitActivity$addTextChangedListener$1:
    kotlin.jvm.functions.Function1 $testFunction -> a
    1:1:void <init>(kotlin.jvm.functions.Function1):122:122 -> <init>
    1:1:void afterTextChanged(android.text.Editable):124:124 -> afterTextChanged
comm.comquas.acckitlib.ui.AccKitActivity$callCheckOTP$1 -> comm.comquas.acckitlib.ui.AccKitActivity$a:
    comm.comquas.acckitlib.ui.AccKitActivity this$0 -> a
    1:1:void accept(java.lang.Object):35:35 -> accept
    2:4:void accept(io.reactivex.disposables.Disposable):355:357 -> accept
    2:4:void accept(java.lang.Object):35 -> accept
comm.comquas.acckitlib.ui.AccKitActivity$callCheckOTP$2 -> comm.comquas.acckitlib.ui.AccKitActivity$b:
    comm.comquas.acckitlib.ui.AccKitActivity this$0 -> a
    1:1:void run():361:361 -> run
comm.comquas.acckitlib.ui.AccKitActivity$callCheckOTP$3 -> comm.comquas.acckitlib.ui.AccKitActivity$c:
    comm.comquas.acckitlib.ui.AccKitActivity this$0 -> a
    1:1:void accept(java.lang.Object):35:35 -> accept
    2:2:void accept(comm.comquas.acckitlib.model.AccKitReturnDataModel):363:363 -> accept
    2:2:void accept(java.lang.Object):35 -> accept
comm.comquas.acckitlib.ui.AccKitActivity$callCheckOTP$4 -> comm.comquas.acckitlib.ui.AccKitActivity$d:
    comm.comquas.acckitlib.ui.AccKitActivity this$0 -> a
    1:1:void accept(java.lang.Object):35:35 -> accept
    2:16:void accept(java.lang.Throwable):365:379 -> accept
    2:16:void accept(java.lang.Object):35 -> accept
    17:17:void accept(java.lang.Throwable):377:377 -> accept
    17:17:void accept(java.lang.Object):35 -> accept
comm.comquas.acckitlib.ui.AccKitActivity$callCountryList$1 -> a.a.a.a.a:
    comm.comquas.acckitlib.ui.AccKitActivity this$0 -> a
    1:1:void accept(java.lang.Object):35:35 -> accept
    2:4:void accept(io.reactivex.disposables.Disposable):211:213 -> accept
    2:4:void accept(java.lang.Object):35 -> accept
comm.comquas.acckitlib.ui.AccKitActivity$callCountryList$2 -> a.a.a.a.b:
    comm.comquas.acckitlib.ui.AccKitActivity this$0 -> a
    1:1:void run():217:217 -> run
comm.comquas.acckitlib.ui.AccKitActivity$callCountryList$3 -> a.a.a.a.c:
    comm.comquas.acckitlib.ui.AccKitActivity this$0 -> a
    1:1:void accept(java.lang.Object):35:35 -> accept
    2:183:void accept(comm.comquas.acckitlib.model.CountryListModel):219:400 -> accept
    2:183:void accept(java.lang.Object):35 -> accept
    184:187:void accept(comm.comquas.acckitlib.model.CountryListModel):223:226 -> accept
    184:187:void accept(java.lang.Object):35 -> accept
    188:188:void accept(comm.comquas.acckitlib.model.CountryListModel):221:221 -> accept
    188:188:void accept(java.lang.Object):35 -> accept
comm.comquas.acckitlib.ui.AccKitActivity$callCountryList$4 -> a.a.a.a.d:
    comm.comquas.acckitlib.ui.AccKitActivity this$0 -> a
    1:1:void accept(java.lang.Object):35:35 -> accept
    2:14:void accept(java.lang.Throwable):230:242 -> accept
    2:14:void accept(java.lang.Object):35 -> accept
    15:15:void accept(java.lang.Throwable):240:240 -> accept
    15:15:void accept(java.lang.Object):35 -> accept
comm.comquas.acckitlib.ui.AccKitActivity$callOTP$1 -> comm.comquas.acckitlib.ui.AccKitActivity$e:
    comm.comquas.acckitlib.ui.AccKitActivity this$0 -> a
    1:1:void accept(java.lang.Object):35:35 -> accept
    2:4:void accept(io.reactivex.disposables.Disposable):294:296 -> accept
    2:4:void accept(java.lang.Object):35 -> accept
comm.comquas.acckitlib.ui.AccKitActivity$callOTP$2 -> comm.comquas.acckitlib.ui.AccKitActivity$f:
    comm.comquas.acckitlib.ui.AccKitActivity this$0 -> a
    1:1:void run():300:300 -> run
comm.comquas.acckitlib.ui.AccKitActivity$callOTP$3 -> comm.comquas.acckitlib.ui.AccKitActivity$g:
    comm.comquas.acckitlib.ui.AccKitActivity this$0 -> a
    1:1:void accept(java.lang.Object):35:35 -> accept
    2:15:void accept(comm.comquas.acckitlib.model.OTPModel):304:317 -> accept
    2:15:void accept(java.lang.Object):35 -> accept
comm.comquas.acckitlib.ui.AccKitActivity$callOTP$3$1 -> comm.comquas.acckitlib.ui.AccKitActivity$callOTP$3$1:
    comm.comquas.acckitlib.ui.AccKitActivity$callOTP$3 this$0 -> a
    1:1:void <init>(comm.comquas.acckitlib.ui.AccKitActivity$callOTP$3,long,long,long):305:305 -> <init>
    1:2:void onFinish():311:312 -> onFinish
    1:1:void onTick(long):307:307 -> onTick
comm.comquas.acckitlib.ui.AccKitActivity$callOTP$4 -> comm.comquas.acckitlib.ui.AccKitActivity$h:
    comm.comquas.acckitlib.ui.AccKitActivity this$0 -> a
    1:1:void accept(java.lang.Object):35:35 -> accept
    2:16:void accept(java.lang.Throwable):319:333 -> accept
    2:16:void accept(java.lang.Object):35 -> accept
    17:17:void accept(java.lang.Throwable):331:331 -> accept
    17:17:void accept(java.lang.Object):35 -> accept
comm.comquas.acckitlib.ui.AccKitActivity$callVerify$1 -> comm.comquas.acckitlib.ui.AccKitActivity$i:
    comm.comquas.acckitlib.ui.AccKitActivity this$0 -> a
    1:1:void accept(java.lang.Object):35:35 -> accept
    2:4:void accept(io.reactivex.disposables.Disposable):148:150 -> accept
    2:4:void accept(java.lang.Object):35 -> accept
comm.comquas.acckitlib.ui.AccKitActivity$callVerify$2 -> comm.comquas.acckitlib.ui.AccKitActivity$j:
    comm.comquas.acckitlib.ui.AccKitActivity this$0 -> a
    1:1:void run():154:154 -> run
comm.comquas.acckitlib.ui.AccKitActivity$callVerify$3 -> comm.comquas.acckitlib.ui.AccKitActivity$k:
    comm.comquas.acckitlib.ui.AccKitActivity this$0 -> a
    1:1:void accept(java.lang.Object):35:35 -> accept
    2:3:void accept(comm.comquas.acckitlib.model.VerifyModel):157:158 -> accept
    2:3:void accept(java.lang.Object):35 -> accept
    4:9:void accept(comm.comquas.acckitlib.model.VerifyModel):156:161 -> accept
    4:9:void accept(java.lang.Object):35 -> accept
comm.comquas.acckitlib.ui.AccKitActivity$callVerify$4 -> comm.comquas.acckitlib.ui.AccKitActivity$l:
    comm.comquas.acckitlib.ui.AccKitActivity this$0 -> a
    1:1:void accept(java.lang.Object):35:35 -> accept
    2:38:void accept(java.lang.Throwable):163:199 -> accept
    2:38:void accept(java.lang.Object):35 -> accept
    39:39:void accept(java.lang.Throwable):183:183 -> accept
    39:39:void accept(java.lang.Object):35 -> accept
comm.comquas.acckitlib.ui.AccKitActivity$callVerify$4$1 -> comm.comquas.acckitlib.ui.AccKitActivity$callVerify$4$1:
    comm.comquas.acckitlib.ui.AccKitActivity$callVerify$4 this$0 -> a
    1:1:void <init>(comm.comquas.acckitlib.ui.AccKitActivity$callVerify$4):185:185 -> <init>
    1:1:void myDialogCallback(java.lang.Object,boolean,java.lang.Object):185:185 -> myDialogCallback
    2:2:void myDialogCallback(java.lang.String,boolean,java.lang.String):193:193 -> myDialogCallback
comm.comquas.acckitlib.ui.AccKitActivity$myApiService$2 -> comm.comquas.acckitlib.ui.AccKitActivity$m:
    comm.comquas.acckitlib.ui.AccKitActivity this$0 -> a
    1:2:comm.comquas.acckitlib.net.ApiService invoke():45:46 -> invoke
    1:2:java.lang.Object invoke():35 -> invoke
    3:3:comm.comquas.acckitlib.net.ApiService invoke():45:45 -> invoke
    3:3:java.lang.Object invoke():35 -> invoke
comm.comquas.acckitlib.ui.AccKitActivity$onCreate$1 -> comm.comquas.acckitlib.ui.AccKitActivity$n:
    comm.comquas.acckitlib.ui.AccKitActivity this$0 -> a
    1:1:java.lang.Object invoke(java.lang.Object):35:35 -> invoke
    2:81:void invoke(android.view.View):0:79 -> invoke
    2:81:java.lang.Object invoke(java.lang.Object):35 -> invoke
    82:82:java.lang.Object invoke(java.lang.Object):35:35 -> invoke
comm.comquas.acckitlib.ui.AccKitActivity$onCreate$2 -> comm.comquas.acckitlib.ui.AccKitActivity$o:
    comm.comquas.acckitlib.ui.AccKitActivity this$0 -> a
    1:1:java.lang.Object invoke(java.lang.Object):35:35 -> invoke
    2:85:void invoke(java.lang.String):0:83 -> invoke
    2:85:java.lang.Object invoke(java.lang.Object):35 -> invoke
    86:86:java.lang.Object invoke(java.lang.Object):35:35 -> invoke
comm.comquas.acckitlib.ui.AccKitActivity$onCreate$3 -> comm.comquas.acckitlib.ui.AccKitActivity$p:
    comm.comquas.acckitlib.ui.AccKitActivity this$0 -> a
    1:6:void invoke(android.view.View):86:91 -> a
    7:11:void invoke(android.view.View):89:93 -> a
    12:12:void invoke(android.view.View):91:91 -> a
    1:1:java.lang.Object invoke(java.lang.Object):35:35 -> invoke
comm.comquas.acckitlib.ui.AccKitActivity$onCreate$4 -> comm.comquas.acckitlib.ui.AccKitActivity$q:
    comm.comquas.acckitlib.ui.AccKitActivity this$0 -> a
    1:1:java.lang.Object invoke(java.lang.Object):35:35 -> invoke
    2:99:void invoke(android.view.View):0:97 -> invoke
    2:99:java.lang.Object invoke(java.lang.Object):35 -> invoke
    100:100:java.lang.Object invoke(java.lang.Object):35:35 -> invoke
comm.comquas.acckitlib.ui.AccKitActivity$onCreate$5 -> comm.comquas.acckitlib.ui.AccKitActivity$r:
    comm.comquas.acckitlib.ui.AccKitActivity this$0 -> a
    1:1:java.lang.Object invoke(java.lang.Object):35:35 -> invoke
    2:102:void invoke(java.lang.String):0:100 -> invoke
    2:102:java.lang.Object invoke(java.lang.Object):35 -> invoke
    103:103:java.lang.Object invoke(java.lang.Object):35:35 -> invoke
comm.comquas.acckitlib.ui.AccKitActivity$onCreate$6 -> comm.comquas.acckitlib.ui.AccKitActivity$s:
    comm.comquas.acckitlib.ui.AccKitActivity this$0 -> a
    1:1:java.lang.Object invoke(java.lang.Object):35:35 -> invoke
    2:105:void invoke(android.view.View):0:103 -> invoke
    2:105:java.lang.Object invoke(java.lang.Object):35 -> invoke
    106:106:java.lang.Object invoke(java.lang.Object):35:35 -> invoke
comm.comquas.acckitlib.ui.AccKitActivity$showCountryListDialog$1 -> comm.comquas.acckitlib.ui.AccKitActivity$showCountryListDialog$1:
    androidx.appcompat.app.AppCompatDialog $dialog -> b
    comm.comquas.acckitlib.ui.AccKitActivity this$0 -> a
    1:1:void <init>(comm.comquas.acckitlib.ui.AccKitActivity,androidx.appcompat.app.AppCompatDialog):265:265 -> <init>
    1:4:void onRowClicked(int):268:271 -> onRowClicked
comm.comquas.acckitlib.uty.MyDialogUty -> comm.comquas.acckitlib.uty.MyDialogUty:
    1:1:void <clinit>():14:14 -> <clinit>
    1:1:void <init>():14:14 -> <init>
    1:18:void alertDialogDefault(android.app.Activity,comm.comquas.acckitlib.uty.MyDialogUty$MyDialogCallback,java.lang.String,java.lang.String,java.lang.String):27:44 -> alertDialogDefault
    1:14:void alertDialogNetworkDefaultOK(android.app.Activity,comm.comquas.acckitlib.uty.MyDialogUty$MyDialogCallback,java.lang.String,java.lang.String,java.lang.String):52:65 -> alertDialogNetworkDefaultOK
    1:17:void showInfoDialog(android.content.Context,comm.comquas.acckitlib.uty.MyDialogUty$MyDialogCallback,java.lang.String,java.lang.String,java.lang.String,java.lang.String):76:92 -> showInfoDialog
    1:8:androidx.appcompat.app.AppCompatDialog showLoadingDialog(android.content.Context):97:104 -> showLoadingDialog
comm.comquas.acckitlib.uty.MyDialogUty$alertDialogDefault$1 -> comm.comquas.acckitlib.uty.MyDialogUty$a:
    comm.comquas.acckitlib.uty.MyDialogUty$MyDialogCallback $myDialogCallback -> a
    java.lang.String $action -> b
    1:2:void onClick(android.content.DialogInterface,int):37:38 -> onClick
comm.comquas.acckitlib.uty.MyDialogUty$alertDialogDefault$2 -> comm.comquas.acckitlib.uty.MyDialogUty$b:
    comm.comquas.acckitlib.uty.MyDialogUty$alertDialogDefault$2 INSTANCE -> a
    1:1:void onClick(android.content.DialogInterface,int):41:41 -> onClick
comm.comquas.acckitlib.uty.MyDialogUty$alertDialogNetworkDefaultOK$1 -> comm.comquas.acckitlib.uty.MyDialogUty$c:
    comm.comquas.acckitlib.uty.MyDialogUty$MyDialogCallback $myDialogCallback -> a
    java.lang.String $action -> b
    1:2:void onClick(android.content.DialogInterface,int):62:63 -> onClick
comm.comquas.acckitlib.uty.MyDialogUty$showInfoDialog$1 -> comm.comquas.acckitlib.uty.MyDialogUty$d:
    comm.comquas.acckitlib.uty.MyDialogUty$MyDialogCallback $myDialogCallback -> a
    java.lang.String $action -> b
    androidx.appcompat.app.AppCompatDialog $dialog -> c
    1:2:void onClick(android.view.View):89:90 -> onClick
comm.comquas.acckitlib.uty.hash.AccKitHash -> comm.comquas.acckitlib.uty.hash.AccKitHash:
    1:1:void <clinit>():8:8 -> <clinit>
    1:1:void <init>():8:8 -> <init>
    1:6:java.lang.String getHashKey(android.content.Context):11:16 -> getHashKey
comm.comquas.acckitlib.uty.hash.MyHashMac -> comm.comquas.acckitlib.uty.hash.MyHashMac:
    1:1:void <clinit>():10:10 -> <clinit>
    1:1:void <init>():10:10 -> <init>
    1:1:java.lang.String toHexString(byte[]):35:35 -> a
    1:14:java.lang.String hashMac(java.lang.String,java.lang.String):17:30 -> hashMac
    15:15:java.lang.String hashMac(java.lang.String,java.lang.String):29:29 -> hashMac
    16:17:java.lang.String hashMac(java.lang.String,java.lang.String):26:27 -> hashMac
    18:18:java.lang.String hashMac(java.lang.String,java.lang.String):26:26 -> hashMac
comm.comquas.acckitlib.uty.hash.MyHashMac$toHexString$1 -> comm.comquas.acckitlib.uty.hash.MyHashMac$a:
    comm.comquas.acckitlib.uty.hash.MyHashMac$toHexString$1 INSTANCE -> a
    1:1:java.lang.Object invoke(java.lang.Object):10:10 -> invoke
    2:2:java.lang.String invoke(byte):35:35 -> invoke
    2:2:java.lang.Object invoke(java.lang.Object):10 -> invoke
comm.comquas.acckitlib.uty.rec.SafeClickListener -> comm.comquas.acckitlib.uty.rec.SafeClickListener:
    long lastTimeClicked -> a
    int defaultInterval -> b
    kotlin.jvm.functions.Function1 onSafeCLick -> c
    1:1:void <init>(int,kotlin.jvm.functions.Function1):6:6 -> <init>
    2:2:void <init>(int,kotlin.jvm.functions.Function1,int,kotlin.jvm.internal.DefaultConstructorMarker):7:7 -> <init>
    1:5:void onClick(android.view.View):12:16 -> onClick
comm.comquas.acckitlib.uty.rec.SafeClickListenerKt -> comm.comquas.acckitlib.uty.rec.SafeClickListenerKt:
    1:4:void setSafeOnClickListener(android.view.View,kotlin.jvm.functions.Function1):21:24 -> setSafeOnClickListener
comm.comquas.acckitlib.uty.rec.SafeClickListenerKt$setSafeOnClickListener$safeClickListener$1 -> comm.comquas.acckitlib.uty.rec.SafeClickListenerKt$a:
    kotlin.jvm.functions.Function1 $onSafeClick -> a
    1:23:void invoke(android.view.View):0:22 -> invoke
    1:23:java.lang.Object invoke(java.lang.Object):0 -> invoke
    24:24:java.lang.Object invoke(java.lang.Object):0:0 -> invoke
